00520c63
00521a63
00524863
00525663
00526463
00527263
