01410093
01412093
01413093
01414093
01416093
01417093
01411093
01415093
41415093
