00208033
002080b3
00208133
002081b3
00208233
002082b3
00208333
002083b3
00208433
002084b3
00208533
002085b3
00208633
002086b3
00208733
002087b3
00208833
002088b3
00208933
002089b3
00208a33
00208ab3
00208b33
00208bb3
00208c33
00208cb3
00208d33
00208db3
00208e33
00208eb3
00208f33
00208fb3
