01ea0533
41ea0533
01ea1533
01ea2533
01ea3533
01ea4533
01ea5533
41ea5533
01ea6533
01ea7533
